Input: q=9223372036854775807

Bindings:

string
  MinimalApis
    r = "9223372036854775807"
  Controllers
    r = "9223372036854775807"

string?
  MinimalApis
    r = "9223372036854775807"
  Controllers
    r = "9223372036854775807"

string[]
  MinimalApis
    r = ["9223372036854775807"]
  Controllers
    r = ["9223372036854775807"]

char
  MinimalApis
    e = 400 Bad Request (Failed to bind parameter "char q" from "9223372036854775807".)
  Controllers
    e = 400 Bad Request (The value '9223372036854775807' is not valid.)

char?
  MinimalApis
    e = 400 Bad Request (Failed to bind parameter "Nullable<char> q" from "9223372036854775807".)
  Controllers
    e = 400 Bad Request (The value '9223372036854775807' is not valid.)

char[]
  MinimalApis
    e = 400 Bad Request (Failed to bind parameter "char[] q" from "9223372036854775807".)
  Controllers
    e = 400 Bad Request (The value '9223372036854775807' is not valid.)

int
  MinimalApis
    e = 400 Bad Request (Failed to bind parameter "int q" from "9223372036854775807".)
  Controllers
    e = 400 Bad Request (The value '9223372036854775807' is not valid.)

int?
  MinimalApis
    e = 400 Bad Request (Failed to bind parameter "Nullable<int> q" from "9223372036854775807".)
  Controllers
    e = 400 Bad Request (The value '9223372036854775807' is not valid.)

int[]
  MinimalApis
    e = 400 Bad Request (Failed to bind parameter "int[] q" from "9223372036854775807".)
  Controllers
    e = 400 Bad Request (The value '9223372036854775807' is not valid.)

double
  MinimalApis
    r = 9.223372036854776E+18
  Controllers
    r = 9.223372036854776E+18

double?
  MinimalApis
    r = 9.223372036854776E+18
  Controllers
    r = 9.223372036854776E+18

double[]
  MinimalApis
    r = [9.223372036854776E+18]
  Controllers
    r = [9.223372036854776E+18]

float
  MinimalApis
    r = 9.223372E+18
  Controllers
    r = 9.223372E+18

float?
  MinimalApis
    r = 9.223372E+18
  Controllers
    r = 9.223372E+18

float[]
  MinimalApis
    r = [9.223372E+18]
  Controllers
    r = [9.223372E+18]

decimal
  MinimalApis
    r = 9223372036854775807
  Controllers
    r = 9223372036854775807

decimal?
  MinimalApis
    r = 9223372036854775807
  Controllers
    r = 9223372036854775807

decimal[]
  MinimalApis
    r = [9223372036854775807]
  Controllers
    r = [9223372036854775807]

bool
  MinimalApis
    e = 400 Bad Request (Failed to bind parameter "bool q" from "9223372036854775807".)
  Controllers
    e = 400 Bad Request (The value '9223372036854775807' is not valid.)

bool?
  MinimalApis
    e = 400 Bad Request (Failed to bind parameter "Nullable<bool> q" from "9223372036854775807".)
  Controllers
    e = 400 Bad Request (The value '9223372036854775807' is not valid.)

bool[]
  MinimalApis
    e = 400 Bad Request (Failed to bind parameter "bool[] q" from "9223372036854775807".)
  Controllers
    e = 400 Bad Request (The value '9223372036854775807' is not valid.)

uint
  MinimalApis
    e = 400 Bad Request (Failed to bind parameter "uint q" from "9223372036854775807".)
  Controllers
    e = 400 Bad Request (The value '9223372036854775807' is not valid.)

uint?
  MinimalApis
    e = 400 Bad Request (Failed to bind parameter "Nullable<uint> q" from "9223372036854775807".)
  Controllers
    e = 400 Bad Request (The value '9223372036854775807' is not valid.)

uint[]
  MinimalApis
    e = 400 Bad Request (Failed to bind parameter "uint[] q" from "9223372036854775807".)
  Controllers
    e = 400 Bad Request (The value '9223372036854775807' is not valid.)

long
  MinimalApis
    r = 9223372036854775807
  Controllers
    r = 9223372036854775807

long?
  MinimalApis
    r = 9223372036854775807
  Controllers
    r = 9223372036854775807

long[]
  MinimalApis
    r = [9223372036854775807]
  Controllers
    r = [9223372036854775807]

ulong
  MinimalApis
    r = 9223372036854775807
  Controllers
    r = 9223372036854775807

ulong?
  MinimalApis
    r = 9223372036854775807
  Controllers
    r = 9223372036854775807

ulong[]
  MinimalApis
    r = [9223372036854775807]
  Controllers
    r = [9223372036854775807]

sbyte
  MinimalApis
    e = 400 Bad Request (Failed to bind parameter "sbyte q" from "9223372036854775807".)
  Controllers
    e = 400 Bad Request (The value '9223372036854775807' is not valid.)

sbyte?
  MinimalApis
    e = 400 Bad Request (Failed to bind parameter "Nullable<sbyte> q" from "9223372036854775807".)
  Controllers
    e = 400 Bad Request (The value '9223372036854775807' is not valid.)

sbyte[]
  MinimalApis
    e = 400 Bad Request (Failed to bind parameter "sbyte[] q" from "9223372036854775807".)
  Controllers
    e = 400 Bad Request (The value '9223372036854775807' is not valid.)

short
  MinimalApis
    e = 400 Bad Request (Failed to bind parameter "short q" from "9223372036854775807".)
  Controllers
    e = 400 Bad Request (The value '9223372036854775807' is not valid.)

short?
  MinimalApis
    e = 400 Bad Request (Failed to bind parameter "Nullable<short> q" from "9223372036854775807".)
  Controllers
    e = 400 Bad Request (The value '9223372036854775807' is not valid.)

short[]
  MinimalApis
    e = 400 Bad Request (Failed to bind parameter "short[] q" from "9223372036854775807".)
  Controllers
    e = 400 Bad Request (The value '9223372036854775807' is not valid.)

ushort
  MinimalApis
    e = 400 Bad Request (Failed to bind parameter "ushort q" from "9223372036854775807".)
  Controllers
    e = 400 Bad Request (The value '9223372036854775807' is not valid.)

ushort?
  MinimalApis
    e = 400 Bad Request (Failed to bind parameter "Nullable<ushort> q" from "9223372036854775807".)
  Controllers
    e = 400 Bad Request (The value '9223372036854775807' is not valid.)

ushort[]
  MinimalApis
    e = 400 Bad Request (Failed to bind parameter "ushort[] q" from "9223372036854775807".)
  Controllers
    e = 400 Bad Request (The value '9223372036854775807' is not valid.)

byte
  MinimalApis
    e = 400 Bad Request (Failed to bind parameter "byte q" from "9223372036854775807".)
  Controllers
    e = 400 Bad Request (The value '9223372036854775807' is not valid.)

byte?
  MinimalApis
    e = 400 Bad Request (Failed to bind parameter "Nullable<byte> q" from "9223372036854775807".)
  Controllers
    e = 400 Bad Request (The value '9223372036854775807' is not valid.)

byte[]
  MinimalApis
    e = 400 Bad Request (Failed to bind parameter "byte[] q" from "9223372036854775807".)
  Controllers
    e = 400 Bad Request (The value '9223372036854775807' is not valid.)

DateTime
  MinimalApis
    e = 400 Bad Request (Failed to bind parameter "DateTime q" from "9223372036854775807".)
  Controllers
    e = 400 Bad Request (The value '9223372036854775807' is not valid.)

DateTime?
  MinimalApis
    e = 400 Bad Request (Failed to bind parameter "Nullable<DateTime> q" from "9223372036854775807".)
  Controllers
    e = 400 Bad Request (The value '9223372036854775807' is not valid.)

DateTime[]
  MinimalApis
    e = 400 Bad Request (Failed to bind parameter "DateTime[] q" from "9223372036854775807".)
  Controllers
    e = 400 Bad Request (The value '9223372036854775807' is not valid.)

DateTimeOffset
  MinimalApis
    e = 400 Bad Request (Failed to bind parameter "DateTimeOffset q" from "9223372036854775807".)
  Controllers
    e = 400 Bad Request (The value '9223372036854775807' is not valid.)

DateTimeOffset?
  MinimalApis
    e = 400 Bad Request (Failed to bind parameter "Nullable<DateTimeOffset> q" from "9223372036854775807".)
  Controllers
    e = 400 Bad Request (The value '9223372036854775807' is not valid.)

DateTimeOffset[]
  MinimalApis
    e = 400 Bad Request (Failed to bind parameter "DateTimeOffset[] q" from "9223372036854775807".)
  Controllers
    e = 400 Bad Request (The value '9223372036854775807' is not valid.)

DateOnly
  MinimalApis
    e = 400 Bad Request (Failed to bind parameter "DateOnly q" from "9223372036854775807".)
  Controllers
    e = 400 Bad Request (The value '9223372036854775807' is not valid.)

DateOnly?
  MinimalApis
    e = 400 Bad Request (Failed to bind parameter "Nullable<DateOnly> q" from "9223372036854775807".)
  Controllers
    e = 400 Bad Request (The value '9223372036854775807' is not valid.)

DateOnly[]
  MinimalApis
    e = 400 Bad Request (Failed to bind parameter "DateOnly[] q" from "9223372036854775807".)
  Controllers
    e = 400 Bad Request (The value '9223372036854775807' is not valid.)

TimeOnly
  MinimalApis
    e = 400 Bad Request (Failed to bind parameter "TimeOnly q" from "9223372036854775807".)
  Controllers
    e = 400 Bad Request (The value '9223372036854775807' is not valid.)

TimeOnly?
  MinimalApis
    e = 400 Bad Request (Failed to bind parameter "Nullable<TimeOnly> q" from "9223372036854775807".)
  Controllers
    e = 400 Bad Request (The value '9223372036854775807' is not valid.)

TimeOnly[]
  MinimalApis
    e = 400 Bad Request (Failed to bind parameter "TimeOnly[] q" from "9223372036854775807".)
  Controllers
    e = 400 Bad Request (The value '9223372036854775807' is not valid.)
