[
  "BindingResult { Type = string, Result = \"foo\", Error = , IsErroneous = False }",
  "BindingResult { Type = string[], Result = [\"foo\"], Error = , IsErroneous = False }"
]
