Input: -32768

Bindings:
string     "-32768"
string[]   ["-32768"]
int        -32768
int[]      [-32768]
double     -32768
double[]   [-32768]
float      -32768
float[]    [-32768]
decimal    -32768
decimal[]  [-32768]
long       -32768
long[]     [-32768]
short      -32768
short[]    [-32768]

Erroneous:
char       400 Bad Request
char[]     400 Bad Request
bool       400 Bad Request
bool[]     400 Bad Request
uint       400 Bad Request
uint[]     400 Bad Request
ulong      400 Bad Request
ulong[]    400 Bad Request
sbyte      400 Bad Request
sbyte[]    400 Bad Request
ushort     400 Bad Request
ushort[]   400 Bad Request
byte       400 Bad Request
byte[]     400 Bad Request
