Input: -9223372036854775808

Bindings:
string     "-9223372036854775808"
string[]   ["-9223372036854775808"]
double     -9.223372036854776E+18
double[]   [-9.223372036854776E+18]
float      -9.223372E+18
float[]    [-9.223372E+18]
decimal    -9223372036854775808
decimal[]  [-9223372036854775808]
long       -9223372036854775808
long[]     [-9223372036854775808]

Erroneous:
char       400 Bad Request
char[]     400 Bad Request
int        400 Bad Request
int[]      400 Bad Request
bool       400 Bad Request
bool[]     400 Bad Request
uint       400 Bad Request
uint[]     400 Bad Request
ulong      400 Bad Request
ulong[]    400 Bad Request
sbyte      400 Bad Request
sbyte[]    400 Bad Request
short      400 Bad Request
short[]    400 Bad Request
ushort     400 Bad Request
ushort[]   400 Bad Request
byte       400 Bad Request
byte[]     400 Bad Request
