Input: 1&q=2&q=.3

Bindings:
string     "1,2,.3"
string[]   ["1","2",".3"]
double     12.3
double[]   [1,2,0.3]
float      12.3
float[]    [1,2,0.3]
decimal    12.3
decimal[]  [1,2,0.3]

Erroneous:
char       400 Bad Request
char[]     400 Bad Request
int        400 Bad Request
int[]      400 Bad Request
bool       400 Bad Request
bool[]     400 Bad Request
uint       400 Bad Request
uint[]     400 Bad Request
long       400 Bad Request
long[]     400 Bad Request
ulong      400 Bad Request
ulong[]    400 Bad Request
sbyte      400 Bad Request
sbyte[]    400 Bad Request
short      400 Bad Request
short[]    400 Bad Request
ushort     400 Bad Request
ushort[]   400 Bad Request
byte       400 Bad Request
byte[]     400 Bad Request
