Input: -9223372036854775808

Bindings:

string
  MinimalApis
    r = "-9223372036854775808"
  Controllers
    r = "-9223372036854775808"

string[]
  MinimalApis
    r = ["-9223372036854775808"]
  Controllers
    r = ["-9223372036854775808"]

char
  MinimalApis
    e = 400 Bad Request ()
  Controllers
    e = 400 Bad Request ()

char[]
  MinimalApis
    e = 400 Bad Request ()
  Controllers
    e = 400 Bad Request ()

int
  MinimalApis
    e = 400 Bad Request ()
  Controllers
    e = 400 Bad Request ()

int[]
  MinimalApis
    e = 400 Bad Request ()
  Controllers
    e = 400 Bad Request ()

double
  MinimalApis
    r = -9.223372036854776E+18
  Controllers
    r = -9.223372036854776E+18

double[]
  MinimalApis
    r = [-9.223372036854776E+18]
  Controllers
    r = [-9.223372036854776E+18]

float
  MinimalApis
    r = -9.223372E+18
  Controllers
    r = -9.223372E+18

float[]
  MinimalApis
    r = [-9.223372E+18]
  Controllers
    r = [-9.223372E+18]

decimal
  MinimalApis
    r = -9223372036854775808
  Controllers
    r = -9223372036854775808

decimal[]
  MinimalApis
    r = [-9223372036854775808]
  Controllers
    r = [-9223372036854775808]

bool
  MinimalApis
    e = 400 Bad Request ()
  Controllers
    e = 400 Bad Request ()

bool[]
  MinimalApis
    e = 400 Bad Request ()
  Controllers
    e = 400 Bad Request ()

uint
  MinimalApis
    e = 400 Bad Request ()
  Controllers
    e = 400 Bad Request ()

uint[]
  MinimalApis
    e = 400 Bad Request ()
  Controllers
    e = 400 Bad Request ()

long
  MinimalApis
    r = -9223372036854775808
  Controllers
    r = -9223372036854775808

long[]
  MinimalApis
    r = [-9223372036854775808]
  Controllers
    r = [-9223372036854775808]

ulong
  MinimalApis
    e = 400 Bad Request ()
  Controllers
    e = 400 Bad Request ()

ulong[]
  MinimalApis
    e = 400 Bad Request ()
  Controllers
    e = 400 Bad Request ()

sbyte
  MinimalApis
    e = 400 Bad Request ()
  Controllers
    e = 400 Bad Request ()

sbyte[]
  MinimalApis
    e = 400 Bad Request ()
  Controllers
    e = 400 Bad Request ()

short
  MinimalApis
    e = 400 Bad Request ()
  Controllers
    e = 400 Bad Request ()

short[]
  MinimalApis
    e = 400 Bad Request ()
  Controllers
    e = 400 Bad Request ()

ushort
  MinimalApis
    e = 400 Bad Request ()
  Controllers
    e = 400 Bad Request ()

ushort[]
  MinimalApis
    e = 400 Bad Request ()
  Controllers
    e = 400 Bad Request ()

byte
  MinimalApis
    e = 400 Bad Request ()
  Controllers
    e = 400 Bad Request ()

byte[]
  MinimalApis
    e = 400 Bad Request ()
  Controllers
    e = 400 Bad Request ()
