Input: -1.7976931348623157E%2B308

Bindings:

string
  MinimalApis
    r = "-1.7976931348623157E+308"
  Controllers
    r = "-1.7976931348623157E\u002B308"

string?
  MinimalApis
    r = "-1.7976931348623157E+308"
  Controllers
    r = "-1.7976931348623157E\u002B308"

string[]
  MinimalApis
    r = ["-1.7976931348623157E+308"]
  Controllers
    r = ["-1.7976931348623157E\u002B308"]

char
  MinimalApis
    e = 400 Bad Request ()
  Controllers
    e = 400 Bad Request ()

char?
  MinimalApis
    e = 400 Bad Request ()
  Controllers
    e = 400 Bad Request ()

char[]
  MinimalApis
    e = 400 Bad Request ()
  Controllers
    e = 400 Bad Request ()

int
  MinimalApis
    e = 400 Bad Request ()
  Controllers
    e = 400 Bad Request ()

int?
  MinimalApis
    e = 400 Bad Request ()
  Controllers
    e = 400 Bad Request ()

int[]
  MinimalApis
    e = 400 Bad Request ()
  Controllers
    e = 400 Bad Request ()

double
  MinimalApis
    r = -1.7976931348623157E+308
  Controllers
    r = -1.7976931348623157E+308

double?
  MinimalApis
    r = -1.7976931348623157E+308
  Controllers
    r = -1.7976931348623157E+308

double[]
  MinimalApis
    r = [-1.7976931348623157E+308]
  Controllers
    r = [-1.7976931348623157E+308]

float
  MinimalApis
    r = "-Infinity"
  Controllers
    r = "-Infinity"

float?
  MinimalApis
    r = "-Infinity"
  Controllers
    r = "-Infinity"

float[]
  MinimalApis
    r = ["-Infinity"]
  Controllers
    r = ["-Infinity"]

decimal
  MinimalApis
    e = 400 Bad Request ()
  Controllers
    e = 400 Bad Request ()

decimal?
  MinimalApis
    e = 400 Bad Request ()
  Controllers
    e = 400 Bad Request ()

decimal[]
  MinimalApis
    e = 400 Bad Request ()
  Controllers
    e = 400 Bad Request ()

bool
  MinimalApis
    e = 400 Bad Request ()
  Controllers
    e = 400 Bad Request ()

bool?
  MinimalApis
    e = 400 Bad Request ()
  Controllers
    e = 400 Bad Request ()

bool[]
  MinimalApis
    e = 400 Bad Request ()
  Controllers
    e = 400 Bad Request ()

uint
  MinimalApis
    e = 400 Bad Request ()
  Controllers
    e = 400 Bad Request ()

uint?
  MinimalApis
    e = 400 Bad Request ()
  Controllers
    e = 400 Bad Request ()

uint[]
  MinimalApis
    e = 400 Bad Request ()
  Controllers
    e = 400 Bad Request ()

long
  MinimalApis
    e = 400 Bad Request ()
  Controllers
    e = 400 Bad Request ()

long?
  MinimalApis
    e = 400 Bad Request ()
  Controllers
    e = 400 Bad Request ()

long[]
  MinimalApis
    e = 400 Bad Request ()
  Controllers
    e = 400 Bad Request ()

ulong
  MinimalApis
    e = 400 Bad Request ()
  Controllers
    e = 400 Bad Request ()

ulong?
  MinimalApis
    e = 400 Bad Request ()
  Controllers
    e = 400 Bad Request ()

ulong[]
  MinimalApis
    e = 400 Bad Request ()
  Controllers
    e = 400 Bad Request ()

sbyte
  MinimalApis
    e = 400 Bad Request ()
  Controllers
    e = 400 Bad Request ()

sbyte?
  MinimalApis
    e = 400 Bad Request ()
  Controllers
    e = 400 Bad Request ()

sbyte[]
  MinimalApis
    e = 400 Bad Request ()
  Controllers
    e = 400 Bad Request ()

short
  MinimalApis
    e = 400 Bad Request ()
  Controllers
    e = 400 Bad Request ()

short?
  MinimalApis
    e = 400 Bad Request ()
  Controllers
    e = 400 Bad Request ()

short[]
  MinimalApis
    e = 400 Bad Request ()
  Controllers
    e = 400 Bad Request ()

ushort
  MinimalApis
    e = 400 Bad Request ()
  Controllers
    e = 400 Bad Request ()

ushort?
  MinimalApis
    e = 400 Bad Request ()
  Controllers
    e = 400 Bad Request ()

ushort[]
  MinimalApis
    e = 400 Bad Request ()
  Controllers
    e = 400 Bad Request ()

byte
  MinimalApis
    e = 400 Bad Request ()
  Controllers
    e = 400 Bad Request ()

byte?
  MinimalApis
    e = 400 Bad Request ()
  Controllers
    e = 400 Bad Request ()

byte[]
  MinimalApis
    e = 400 Bad Request ()
  Controllers
    e = 400 Bad Request ()
