Input: q=no

Bindings:

string
  MinimalApis
    r = "no"
  Controllers
    r = "no"

string?
  MinimalApis
    r = "no"
  Controllers
    r = "no"

string[]
  MinimalApis
    r = ["no"]
  Controllers
    r = ["no"]

char
  MinimalApis
    e = 400 Bad Request (Failed to bind parameter "char q" from "no".)
  Controllers
    e = 400 Bad Request (The value 'no' is not valid.)

char?
  MinimalApis
    e = 400 Bad Request (Failed to bind parameter "Nullable<char> q" from "no".)
  Controllers
    e = 400 Bad Request (The value 'no' is not valid.)

char[]
  MinimalApis
    e = 400 Bad Request (Failed to bind parameter "char[] q" from "no".)
  Controllers
    e = 400 Bad Request (The value 'no' is not valid.)

int
  MinimalApis
    e = 400 Bad Request (Failed to bind parameter "int q" from "no".)
  Controllers
    e = 400 Bad Request (The value 'no' is not valid.)

int?
  MinimalApis
    e = 400 Bad Request (Failed to bind parameter "Nullable<int> q" from "no".)
  Controllers
    e = 400 Bad Request (The value 'no' is not valid.)

int[]
  MinimalApis
    e = 400 Bad Request (Failed to bind parameter "int[] q" from "no".)
  Controllers
    e = 400 Bad Request (The value 'no' is not valid.)

double
  MinimalApis
    e = 400 Bad Request (Failed to bind parameter "double q" from "no".)
  Controllers
    e = 400 Bad Request (The value 'no' is not valid.)

double?
  MinimalApis
    e = 400 Bad Request (Failed to bind parameter "Nullable<double> q" from "no".)
  Controllers
    e = 400 Bad Request (The value 'no' is not valid.)

double[]
  MinimalApis
    e = 400 Bad Request (Failed to bind parameter "double[] q" from "no".)
  Controllers
    e = 400 Bad Request (The value 'no' is not valid.)

float
  MinimalApis
    e = 400 Bad Request (Failed to bind parameter "float q" from "no".)
  Controllers
    e = 400 Bad Request (The value 'no' is not valid.)

float?
  MinimalApis
    e = 400 Bad Request (Failed to bind parameter "Nullable<float> q" from "no".)
  Controllers
    e = 400 Bad Request (The value 'no' is not valid.)

float[]
  MinimalApis
    e = 400 Bad Request (Failed to bind parameter "float[] q" from "no".)
  Controllers
    e = 400 Bad Request (The value 'no' is not valid.)

decimal
  MinimalApis
    e = 400 Bad Request (Failed to bind parameter "decimal q" from "no".)
  Controllers
    e = 400 Bad Request (The value 'no' is not valid.)

decimal?
  MinimalApis
    e = 400 Bad Request (Failed to bind parameter "Nullable<decimal> q" from "no".)
  Controllers
    e = 400 Bad Request (The value 'no' is not valid.)

decimal[]
  MinimalApis
    e = 400 Bad Request (Failed to bind parameter "decimal[] q" from "no".)
  Controllers
    e = 400 Bad Request (The value 'no' is not valid.)

bool
  MinimalApis
    e = 400 Bad Request (Failed to bind parameter "bool q" from "no".)
  Controllers
    e = 400 Bad Request (The value 'no' is not valid.)

bool?
  MinimalApis
    e = 400 Bad Request (Failed to bind parameter "Nullable<bool> q" from "no".)
  Controllers
    e = 400 Bad Request (The value 'no' is not valid.)

bool[]
  MinimalApis
    e = 400 Bad Request (Failed to bind parameter "bool[] q" from "no".)
  Controllers
    e = 400 Bad Request (The value 'no' is not valid.)

uint
  MinimalApis
    e = 400 Bad Request (Failed to bind parameter "uint q" from "no".)
  Controllers
    e = 400 Bad Request (The value 'no' is not valid.)

uint?
  MinimalApis
    e = 400 Bad Request (Failed to bind parameter "Nullable<uint> q" from "no".)
  Controllers
    e = 400 Bad Request (The value 'no' is not valid.)

uint[]
  MinimalApis
    e = 400 Bad Request (Failed to bind parameter "uint[] q" from "no".)
  Controllers
    e = 400 Bad Request (The value 'no' is not valid.)

long
  MinimalApis
    e = 400 Bad Request (Failed to bind parameter "long q" from "no".)
  Controllers
    e = 400 Bad Request (The value 'no' is not valid.)

long?
  MinimalApis
    e = 400 Bad Request (Failed to bind parameter "Nullable<long> q" from "no".)
  Controllers
    e = 400 Bad Request (The value 'no' is not valid.)

long[]
  MinimalApis
    e = 400 Bad Request (Failed to bind parameter "long[] q" from "no".)
  Controllers
    e = 400 Bad Request (The value 'no' is not valid.)

ulong
  MinimalApis
    e = 400 Bad Request (Failed to bind parameter "ulong q" from "no".)
  Controllers
    e = 400 Bad Request (The value 'no' is not valid.)

ulong?
  MinimalApis
    e = 400 Bad Request (Failed to bind parameter "Nullable<ulong> q" from "no".)
  Controllers
    e = 400 Bad Request (The value 'no' is not valid.)

ulong[]
  MinimalApis
    e = 400 Bad Request (Failed to bind parameter "ulong[] q" from "no".)
  Controllers
    e = 400 Bad Request (The value 'no' is not valid.)

sbyte
  MinimalApis
    e = 400 Bad Request (Failed to bind parameter "sbyte q" from "no".)
  Controllers
    e = 400 Bad Request (The value 'no' is not valid.)

sbyte?
  MinimalApis
    e = 400 Bad Request (Failed to bind parameter "Nullable<sbyte> q" from "no".)
  Controllers
    e = 400 Bad Request (The value 'no' is not valid.)

sbyte[]
  MinimalApis
    e = 400 Bad Request (Failed to bind parameter "sbyte[] q" from "no".)
  Controllers
    e = 400 Bad Request (The value 'no' is not valid.)

short
  MinimalApis
    e = 400 Bad Request (Failed to bind parameter "short q" from "no".)
  Controllers
    e = 400 Bad Request (The value 'no' is not valid.)

short?
  MinimalApis
    e = 400 Bad Request (Failed to bind parameter "Nullable<short> q" from "no".)
  Controllers
    e = 400 Bad Request (The value 'no' is not valid.)

short[]
  MinimalApis
    e = 400 Bad Request (Failed to bind parameter "short[] q" from "no".)
  Controllers
    e = 400 Bad Request (The value 'no' is not valid.)

ushort
  MinimalApis
    e = 400 Bad Request (Failed to bind parameter "ushort q" from "no".)
  Controllers
    e = 400 Bad Request (The value 'no' is not valid.)

ushort?
  MinimalApis
    e = 400 Bad Request (Failed to bind parameter "Nullable<ushort> q" from "no".)
  Controllers
    e = 400 Bad Request (The value 'no' is not valid.)

ushort[]
  MinimalApis
    e = 400 Bad Request (Failed to bind parameter "ushort[] q" from "no".)
  Controllers
    e = 400 Bad Request (The value 'no' is not valid.)

byte
  MinimalApis
    e = 400 Bad Request (Failed to bind parameter "byte q" from "no".)
  Controllers
    e = 400 Bad Request (The value 'no' is not valid.)

byte?
  MinimalApis
    e = 400 Bad Request (Failed to bind parameter "Nullable<byte> q" from "no".)
  Controllers
    e = 400 Bad Request (The value 'no' is not valid.)

byte[]
  MinimalApis
    e = 400 Bad Request (Failed to bind parameter "byte[] q" from "no".)
  Controllers
    e = 400 Bad Request (The value 'no' is not valid.)
