Input: q=1&q=2&q=.3

Bindings:

string
  MinimalApis
    r = "1,2,.3"
  Controllers
    r = "1"

string?
  MinimalApis
    r = "1,2,.3"
  Controllers
    r = "1"

string[]
  MinimalApis
    r = ["1","2",".3"]
  Controllers
    r = ["1","2",".3"]

char
  MinimalApis
    e = 400 Bad Request (Failed to bind parameter "char q" from "1,2,.3".)
  Controllers
    r = "1"

char?
  MinimalApis
    e = 400 Bad Request (Failed to bind parameter "Nullable<char> q" from "1,2,.3".)
  Controllers
    r = "1"

char[]
  MinimalApis
    e = 400 Bad Request (Failed to bind parameter "char[] q" from ".3".)
  Controllers
    e = 400 Bad Request (The value '.3' is not valid.)

int
  MinimalApis
    e = 400 Bad Request (Failed to bind parameter "int q" from "1,2,.3".)
  Controllers
    r = 1

int?
  MinimalApis
    e = 400 Bad Request (Failed to bind parameter "Nullable<int> q" from "1,2,.3".)
  Controllers
    r = 1

int[]
  MinimalApis
    e = 400 Bad Request (Failed to bind parameter "int[] q" from ".3".)
  Controllers
    e = 400 Bad Request (The value '.3' is not valid.)

double
  MinimalApis
    r = 12.3
  Controllers
    r = 1

double?
  MinimalApis
    r = 12.3
  Controllers
    r = 1

double[]
  MinimalApis
    r = [1,2,0.3]
  Controllers
    r = [1,2,0.3]

float
  MinimalApis
    r = 12.3
  Controllers
    r = 1

float?
  MinimalApis
    r = 12.3
  Controllers
    r = 1

float[]
  MinimalApis
    r = [1,2,0.3]
  Controllers
    r = [1,2,0.3]

decimal
  MinimalApis
    r = 12.3
  Controllers
    r = 1

decimal?
  MinimalApis
    r = 12.3
  Controllers
    r = 1

decimal[]
  MinimalApis
    r = [1,2,0.3]
  Controllers
    r = [1,2,0.3]

bool
  MinimalApis
    e = 400 Bad Request (Failed to bind parameter "bool q" from "1,2,.3".)
  Controllers
    e = 400 Bad Request (The value '1,2,.3' is not valid.)

bool?
  MinimalApis
    e = 400 Bad Request (Failed to bind parameter "Nullable<bool> q" from "1,2,.3".)
  Controllers
    e = 400 Bad Request (The value '1,2,.3' is not valid.)

bool[]
  MinimalApis
    e = 400 Bad Request (Failed to bind parameter "bool[] q" from "1".)
  Controllers
    e = 400 Bad Request (The value '1' is not valid.)

uint
  MinimalApis
    e = 400 Bad Request (Failed to bind parameter "uint q" from "1,2,.3".)
  Controllers
    r = 1

uint?
  MinimalApis
    e = 400 Bad Request (Failed to bind parameter "Nullable<uint> q" from "1,2,.3".)
  Controllers
    r = 1

uint[]
  MinimalApis
    e = 400 Bad Request (Failed to bind parameter "uint[] q" from ".3".)
  Controllers
    e = 400 Bad Request (The value '.3' is not valid.)

long
  MinimalApis
    e = 400 Bad Request (Failed to bind parameter "long q" from "1,2,.3".)
  Controllers
    r = 1

long?
  MinimalApis
    e = 400 Bad Request (Failed to bind parameter "Nullable<long> q" from "1,2,.3".)
  Controllers
    r = 1

long[]
  MinimalApis
    e = 400 Bad Request (Failed to bind parameter "long[] q" from ".3".)
  Controllers
    e = 400 Bad Request (The value '.3' is not valid.)

ulong
  MinimalApis
    e = 400 Bad Request (Failed to bind parameter "ulong q" from "1,2,.3".)
  Controllers
    r = 1

ulong?
  MinimalApis
    e = 400 Bad Request (Failed to bind parameter "Nullable<ulong> q" from "1,2,.3".)
  Controllers
    r = 1

ulong[]
  MinimalApis
    e = 400 Bad Request (Failed to bind parameter "ulong[] q" from ".3".)
  Controllers
    e = 400 Bad Request (The value '.3' is not valid.)

sbyte
  MinimalApis
    e = 400 Bad Request (Failed to bind parameter "sbyte q" from "1,2,.3".)
  Controllers
    r = 1

sbyte?
  MinimalApis
    e = 400 Bad Request (Failed to bind parameter "Nullable<sbyte> q" from "1,2,.3".)
  Controllers
    r = 1

sbyte[]
  MinimalApis
    e = 400 Bad Request (Failed to bind parameter "sbyte[] q" from ".3".)
  Controllers
    e = 400 Bad Request (The value '.3' is not valid.)

short
  MinimalApis
    e = 400 Bad Request (Failed to bind parameter "short q" from "1,2,.3".)
  Controllers
    r = 1

short?
  MinimalApis
    e = 400 Bad Request (Failed to bind parameter "Nullable<short> q" from "1,2,.3".)
  Controllers
    r = 1

short[]
  MinimalApis
    e = 400 Bad Request (Failed to bind parameter "short[] q" from ".3".)
  Controllers
    e = 400 Bad Request (The value '.3' is not valid.)

ushort
  MinimalApis
    e = 400 Bad Request (Failed to bind parameter "ushort q" from "1,2,.3".)
  Controllers
    r = 1

ushort?
  MinimalApis
    e = 400 Bad Request (Failed to bind parameter "Nullable<ushort> q" from "1,2,.3".)
  Controllers
    r = 1

ushort[]
  MinimalApis
    e = 400 Bad Request (Failed to bind parameter "ushort[] q" from ".3".)
  Controllers
    e = 400 Bad Request (The value '.3' is not valid.)

byte
  MinimalApis
    e = 400 Bad Request (Failed to bind parameter "byte q" from "1,2,.3".)
  Controllers
    r = 1

byte?
  MinimalApis
    e = 400 Bad Request (Failed to bind parameter "Nullable<byte> q" from "1,2,.3".)
  Controllers
    r = 1

byte[]
  MinimalApis
    e = 400 Bad Request (Failed to bind parameter "byte[] q" from ".3".)
  Controllers
    e = 400 Bad Request (The value '1,2,.3' is not valid.)
