Input: -1&q=0&q=1

Bindings:

string
  MinimalApis
    r = "-1,0,1"
  Controllers
    r = "-1"

string?
  MinimalApis
    r = "-1,0,1"
  Controllers
    r = "-1"

string[]
  MinimalApis
    r = ["-1","0","1"]
  Controllers
    r = ["-1","0","1"]

char
  MinimalApis
    e = 400 Bad Request (Failed to bind parameter "char q" from "-1,0,1".)
  Controllers
    e = 400 Bad Request (The value '-1,0,1' is not valid.)

char?
  MinimalApis
    e = 400 Bad Request (Failed to bind parameter "Nullable<char> q" from "-1,0,1".)
  Controllers
    e = 400 Bad Request (The value '-1,0,1' is not valid.)

char[]
  MinimalApis
    e = 400 Bad Request (Failed to bind parameter "char[] q" from "-1".)
  Controllers
    e = 400 Bad Request (The value '-1' is not valid.)

int
  MinimalApis
    e = 400 Bad Request (Failed to bind parameter "int q" from "-1,0,1".)
  Controllers
    r = -1

int?
  MinimalApis
    e = 400 Bad Request (Failed to bind parameter "Nullable<int> q" from "-1,0,1".)
  Controllers
    r = -1

int[]
  MinimalApis
    r = [-1,0,1]
  Controllers
    r = [-1,0,1]

double
  MinimalApis
    r = -101
  Controllers
    r = -1

double?
  MinimalApis
    r = -101
  Controllers
    r = -1

double[]
  MinimalApis
    r = [-1,0,1]
  Controllers
    r = [-1,0,1]

float
  MinimalApis
    r = -101
  Controllers
    r = -1

float?
  MinimalApis
    r = -101
  Controllers
    r = -1

float[]
  MinimalApis
    r = [-1,0,1]
  Controllers
    r = [-1,0,1]

decimal
  MinimalApis
    r = -101
  Controllers
    r = -1

decimal?
  MinimalApis
    r = -101
  Controllers
    r = -1

decimal[]
  MinimalApis
    r = [-1,0,1]
  Controllers
    r = [-1,0,1]

bool
  MinimalApis
    e = 400 Bad Request (Failed to bind parameter "bool q" from "-1,0,1".)
  Controllers
    e = 400 Bad Request (The value '-1,0,1' is not valid.)

bool?
  MinimalApis
    e = 400 Bad Request (Failed to bind parameter "Nullable<bool> q" from "-1,0,1".)
  Controllers
    e = 400 Bad Request (The value '-1,0,1' is not valid.)

bool[]
  MinimalApis
    e = 400 Bad Request (Failed to bind parameter "bool[] q" from "-1".)
  Controllers
    e = 400 Bad Request (The value '-1' is not valid.)

uint
  MinimalApis
    e = 400 Bad Request (Failed to bind parameter "uint q" from "-1,0,1".)
  Controllers
    e = 400 Bad Request (The value '-1,0,1' is not valid.)

uint?
  MinimalApis
    e = 400 Bad Request (Failed to bind parameter "Nullable<uint> q" from "-1,0,1".)
  Controllers
    e = 400 Bad Request (The value '-1,0,1' is not valid.)

uint[]
  MinimalApis
    e = 400 Bad Request (Failed to bind parameter "uint[] q" from "-1".)
  Controllers
    e = 400 Bad Request (The value '-1' is not valid.)

long
  MinimalApis
    e = 400 Bad Request (Failed to bind parameter "long q" from "-1,0,1".)
  Controllers
    r = -1

long?
  MinimalApis
    e = 400 Bad Request (Failed to bind parameter "Nullable<long> q" from "-1,0,1".)
  Controllers
    r = -1

long[]
  MinimalApis
    r = [-1,0,1]
  Controllers
    r = [-1,0,1]

ulong
  MinimalApis
    e = 400 Bad Request (Failed to bind parameter "ulong q" from "-1,0,1".)
  Controllers
    e = 400 Bad Request (The value '-1,0,1' is not valid.)

ulong?
  MinimalApis
    e = 400 Bad Request (Failed to bind parameter "Nullable<ulong> q" from "-1,0,1".)
  Controllers
    e = 400 Bad Request (The value '-1,0,1' is not valid.)

ulong[]
  MinimalApis
    e = 400 Bad Request (Failed to bind parameter "ulong[] q" from "-1".)
  Controllers
    e = 400 Bad Request (The value '-1' is not valid.)

sbyte
  MinimalApis
    e = 400 Bad Request (Failed to bind parameter "sbyte q" from "-1,0,1".)
  Controllers
    r = -1

sbyte?
  MinimalApis
    e = 400 Bad Request (Failed to bind parameter "Nullable<sbyte> q" from "-1,0,1".)
  Controllers
    r = -1

sbyte[]
  MinimalApis
    r = [-1,0,1]
  Controllers
    r = [-1,0,1]

short
  MinimalApis
    e = 400 Bad Request (Failed to bind parameter "short q" from "-1,0,1".)
  Controllers
    r = -1

short?
  MinimalApis
    e = 400 Bad Request (Failed to bind parameter "Nullable<short> q" from "-1,0,1".)
  Controllers
    r = -1

short[]
  MinimalApis
    r = [-1,0,1]
  Controllers
    r = [-1,0,1]

ushort
  MinimalApis
    e = 400 Bad Request (Failed to bind parameter "ushort q" from "-1,0,1".)
  Controllers
    e = 400 Bad Request (The value '-1,0,1' is not valid.)

ushort?
  MinimalApis
    e = 400 Bad Request (Failed to bind parameter "Nullable<ushort> q" from "-1,0,1".)
  Controllers
    e = 400 Bad Request (The value '-1,0,1' is not valid.)

ushort[]
  MinimalApis
    e = 400 Bad Request (Failed to bind parameter "ushort[] q" from "-1".)
  Controllers
    e = 400 Bad Request (The value '-1' is not valid.)

byte
  MinimalApis
    e = 400 Bad Request (Failed to bind parameter "byte q" from "-1,0,1".)
  Controllers
    e = 400 Bad Request (The value '-1,0,1' is not valid.)

byte?
  MinimalApis
    e = 400 Bad Request (Failed to bind parameter "Nullable<byte> q" from "-1,0,1".)
  Controllers
    e = 400 Bad Request (The value '-1,0,1' is not valid.)

byte[]
  MinimalApis
    e = 400 Bad Request (Failed to bind parameter "byte[] q" from "-1".)
  Controllers
    e = 400 Bad Request (The value '-1,0,1' is not valid.)
