Input: 127

Bindings:

string
  MinimalApis
    r = "127"

string[]
  MinimalApis
    r = ["127"]

char
  MinimalApis
    e = 400 Bad Request (Failed to bind parameter "char q" from "127".)

char[]
  MinimalApis
    e = 400 Bad Request (Failed to bind parameter "char[] q" from "127".)

int
  MinimalApis
    r = 127

int[]
  MinimalApis
    r = [127]

double
  MinimalApis
    r = 127

double[]
  MinimalApis
    r = [127]

float
  MinimalApis
    r = 127

float[]
  MinimalApis
    r = [127]

decimal
  MinimalApis
    r = 127

decimal[]
  MinimalApis
    r = [127]

bool
  MinimalApis
    e = 400 Bad Request (Failed to bind parameter "bool q" from "127".)

bool[]
  MinimalApis
    e = 400 Bad Request (Failed to bind parameter "bool[] q" from "127".)

uint
  MinimalApis
    r = 127

uint[]
  MinimalApis
    r = [127]

long
  MinimalApis
    r = 127

long[]
  MinimalApis
    r = [127]

ulong
  MinimalApis
    r = 127

ulong[]
  MinimalApis
    r = [127]

sbyte
  MinimalApis
    r = 127

sbyte[]
  MinimalApis
    r = [127]

short
  MinimalApis
    r = 127

short[]
  MinimalApis
    r = [127]

ushort
  MinimalApis
    r = 127

ushort[]
  MinimalApis
    r = [127]

byte
  MinimalApis
    r = 127

byte[]
  MinimalApis
    r = "fw=="
