Input: q=255

Bindings:

string
  MinimalApis
    r = "255"
  Controllers
    r = "255"

string?
  MinimalApis
    r = "255"
  Controllers
    r = "255"

string[]
  MinimalApis
    r = ["255"]
  Controllers
    r = ["255"]

char
  MinimalApis
    e = 400 Bad Request (Failed to bind parameter "char q" from "255".)
  Controllers
    e = 400 Bad Request (The value '255' is not valid.)

char?
  MinimalApis
    e = 400 Bad Request (Failed to bind parameter "Nullable<char> q" from "255".)
  Controllers
    e = 400 Bad Request (The value '255' is not valid.)

char[]
  MinimalApis
    e = 400 Bad Request (Failed to bind parameter "char[] q" from "255".)
  Controllers
    e = 400 Bad Request (The value '255' is not valid.)

int
  MinimalApis
    r = 255
  Controllers
    r = 255

int?
  MinimalApis
    r = 255
  Controllers
    r = 255

int[]
  MinimalApis
    r = [255]
  Controllers
    r = [255]

double
  MinimalApis
    r = 255
  Controllers
    r = 255

double?
  MinimalApis
    r = 255
  Controllers
    r = 255

double[]
  MinimalApis
    r = [255]
  Controllers
    r = [255]

float
  MinimalApis
    r = 255
  Controllers
    r = 255

float?
  MinimalApis
    r = 255
  Controllers
    r = 255

float[]
  MinimalApis
    r = [255]
  Controllers
    r = [255]

decimal
  MinimalApis
    r = 255
  Controllers
    r = 255

decimal?
  MinimalApis
    r = 255
  Controllers
    r = 255

decimal[]
  MinimalApis
    r = [255]
  Controllers
    r = [255]

bool
  MinimalApis
    e = 400 Bad Request (Failed to bind parameter "bool q" from "255".)
  Controllers
    e = 400 Bad Request (The value '255' is not valid.)

bool?
  MinimalApis
    e = 400 Bad Request (Failed to bind parameter "Nullable<bool> q" from "255".)
  Controllers
    e = 400 Bad Request (The value '255' is not valid.)

bool[]
  MinimalApis
    e = 400 Bad Request (Failed to bind parameter "bool[] q" from "255".)
  Controllers
    e = 400 Bad Request (The value '255' is not valid.)

uint
  MinimalApis
    r = 255
  Controllers
    r = 255

uint?
  MinimalApis
    r = 255
  Controllers
    r = 255

uint[]
  MinimalApis
    r = [255]
  Controllers
    r = [255]

long
  MinimalApis
    r = 255
  Controllers
    r = 255

long?
  MinimalApis
    r = 255
  Controllers
    r = 255

long[]
  MinimalApis
    r = [255]
  Controllers
    r = [255]

ulong
  MinimalApis
    r = 255
  Controllers
    r = 255

ulong?
  MinimalApis
    r = 255
  Controllers
    r = 255

ulong[]
  MinimalApis
    r = [255]
  Controllers
    r = [255]

sbyte
  MinimalApis
    e = 400 Bad Request (Failed to bind parameter "sbyte q" from "255".)
  Controllers
    e = 400 Bad Request (The value '255' is not valid.)

sbyte?
  MinimalApis
    e = 400 Bad Request (Failed to bind parameter "Nullable<sbyte> q" from "255".)
  Controllers
    e = 400 Bad Request (The value '255' is not valid.)

sbyte[]
  MinimalApis
    e = 400 Bad Request (Failed to bind parameter "sbyte[] q" from "255".)
  Controllers
    e = 400 Bad Request (The value '255' is not valid.)

short
  MinimalApis
    r = 255
  Controllers
    r = 255

short?
  MinimalApis
    r = 255
  Controllers
    r = 255

short[]
  MinimalApis
    r = [255]
  Controllers
    r = [255]

ushort
  MinimalApis
    r = 255
  Controllers
    r = 255

ushort?
  MinimalApis
    r = 255
  Controllers
    r = 255

ushort[]
  MinimalApis
    r = [255]
  Controllers
    r = [255]

byte
  MinimalApis
    r = 255
  Controllers
    r = 255

byte?
  MinimalApis
    r = 255
  Controllers
    r = 255

byte[]
  MinimalApis
    r = "/w=="
  Controllers
    e = 400 Bad Request (The value '255' is not valid.)
